{
  "annotations": {
    "title": "Get pull request files",
    "readOnlyHint": true
  },
  "description": "Get the files changed in a specific pull request.",
  "inputSchema": {
    "properties": {
      "owner": {
        "description": "Repository owner",
        "type": "string"
      },
      "pullNumber": {
        "description": "Pull request number",
        "type": "number"
      },
      "repo": {
        "description": "Repository name",
        "type": "string"
      }
    },
    "required": [
      "owner",
      "repo",
      "pullNumber"
    ],
    "type": "object"
  },
  "name": "get_pull_request_files"
}