{
  "annotations": {
    "title": "List commits",
    "readOnlyHint": true
  },
  "description": "Get list of commits of a branch in a GitHub repository",
  "inputSchema": {
    "properties": {
      "owner": {
        "description": "Repository owner",
        "type": "string"
      },
      "page": {
        "description": "Page number for pagination (min 1)",
        "minimum": 1,
        "type": "number"
      },
      "perPage": {
        "description": "Results per page for pagination (min 1, max 100)",
        "maximum": 100,
        "minimum": 1,
        "type": "number"
      },
      "repo": {
        "description": "Repository name",
        "type": "string"
      },
      "sha": {
        "description": "SHA or Branch name",
        "type": "string"
      },
      "author": {
        "description": "Author username or email address",
        "type": "string"
      }
    },
    "required": [
      "owner",
      "repo"
    ],
    "type": "object"
  },
  "name": "list_commits"
}