{
  "annotations": {
    "title": "Search issues",
    "readOnlyHint": true
  },
  "description": "Search for issues in GitHub repositories.",
  "inputSchema": {
    "properties": {
      "order": {
        "description": "Sort order",
        "enum": [
          "asc",
          "desc"
        ],
        "type": "string"
      },
      "page": {
        "description": "Page number for pagination (min 1)",
        "minimum": 1,
        "type": "number"
      },
      "perPage": {
        "description": "Results per page for pagination (min 1, max 100)",
        "maximum": 100,
        "minimum": 1,
        "type": "number"
      },
      "q": {
        "description": "Search query using GitHub issues search syntax",
        "type": "string"
      },
      "sort": {
        "description": "Sort field by number of matches of categories, defaults to best match",
        "enum": [
          "comments",
          "reactions",
          "reactions-+1",
          "reactions--1",
          "reactions-smile",
          "reactions-thinking_face",
          "reactions-heart",
          "reactions-tada",
          "interactions",
          "created",
          "updated"
        ],
        "type": "string"
      }
    },
    "required": [
      "q"
    ],
    "type": "object"
  },
  "name": "search_issues"
}