{
  "annotations": {
    "title": "Search users",
    "readOnlyHint": true
  },
  "description": "Search for GitHub users exclusively",
  "inputSchema": {
    "properties": {
      "order": {
        "description": "Sort order",
        "enum": [
          "asc",
          "desc"
        ],
        "type": "string"
      },
      "page": {
        "description": "Page number for pagination (min 1)",
        "minimum": 1,
        "type": "number"
      },
      "perPage": {
        "description": "Results per page for pagination (min 1, max 100)",
        "maximum": 100,
        "minimum": 1,
        "type": "number"
      },
      "query": {
        "description": "Search query using GitHub users search syntax scoped to type:user",
        "type": "string"
      },
      "sort": {
        "description": "Sort field by category",
        "enum": [
          "followers",
          "repositories",
          "joined"
        ],
        "type": "string"
      }
    },
    "required": [
      "query"
    ],
    "type": "object"
  },
  "name": "search_users"
}